http://adb.juvander.net/Finland_adb_antisocial.txt
http://blogram.net/wp-content/uploads/easylist2.txt
http://blogram.net/wp-content/uploads/easylist3.txt
http://gurud.ee/ab.txt
http://hostsfile.mine.nu/hosts0.txt
http://malwareurls.joxeankoret.com/domains.txt
http://mirror1.malwaredomains.com/files/justdomains
http://mirror1.malwaredomains.com/files/url_shorteners.txt
http://qme.mydns.jp/data/AdblockV2.txt
http://someonewhocares.org/hosts/zero/hosts
http://tofukko.r.ribbon.to/Adblock_Plus_list.txt
http://www.joewein.net/dl/bl/dom-bl-base.txt
http://www.niecko.pl/adblock/adblock.txt
http://www.sa-blacklist.stearns.org/sa-blacklist/sa-blacklist.current.domains
https://adaway.org/hosts.txt
https://adblock.dk/block.csv
https://adblock.mahakala.is/hosts
https://bitbucket.org/ethanr/dns-blacklists/raw/master/bad_lists/Mandiant_APT1_Report_Appendix_D.txt
https://blocklist.kowabit.de/list.txt
https://easylist-downloads.adblockplus.org/Liste_AR.txt
https://easylist-downloads.adblockplus.org/Liste_AR.txt
https://easylist-downloads.adblockplus.org/advblock.txt
https://easylist-downloads.adblockplus.org/adwarefilters.txt
https://easylist-downloads.adblockplus.org/bitblock.txt
https://easylist-downloads.adblockplus.org/cntblock.txt
https://easylist-downloads.adblockplus.org/easylistdutch.txt
https://easylist-downloads.adblockplus.org/easylistgermany.txt
https://easylist-downloads.adblockplus.org/easylistitaly.txt
https://easylist-downloads.adblockplus.org/fanboy-annoyance.txt
https://easylist-downloads.adblockplus.org/liste_fr.txt
https://easylist-downloads.adblockplus.org/malwaredomains_full.txt
https://easylist.to/easylist/easylist.txt
https://easylist.to/easylist/easyprivacy.txt
https://filters.adtidy.org/extension/chromium/filters/2.txt
https://fr.osdn.net/projects/ayucat-list/scm/git/ayucat-list/blobs/master/ayucat-list.txt?export=raw
https://github.com/mayve/private-adblock-filters/raw/master/Adblock_List.txt
https://ideone.com/plain/K452p
https://mirror.cedia.org.ec/malwaredomains/immortal_domains.txt
https://mirror1.malwaredomains.com/files/justdomains
https://notabug.org/latvian-list/adblock-latvian/raw/master/lists/latvian-list.txt
https://notabug.org/latvian-list/adblock-latvian/raw/master/lists/latvian-list.txt
https://pastebin.com/raw/kDqbYwWr
https://ransomwaretracker.abuse.ch/downloads/CW_C2_DOMBL.txt
https://ransomwaretracker.abuse.ch/downloads/LY_C2_DOMBL.txt
https://ransomwaretracker.abuse.ch/downloads/RW_DOMBL.txt
https://ransomwaretracker.abuse.ch/downloads/TC_C2_DOMBL.txt
https://ransomwaretracker.abuse.ch/downloads/TC_PS_DOMBL.txt
https://ransomwaretracker.abuse.ch/downloads/TL_C2_DOMBL.txt
https://ransomwaretracker.abuse.ch/downloads/TL_PS_DOMBL.txt
https://raw.github.com/notracking/hosts-blocklists/master/hostnames.txt
https://raw.githubusercontent.com/BreakingTheNews/BreakingTheNews.github.io/master/hosts
https://raw.githubusercontent.com/Dawsey21/Lists/master/adblock-list.txt
https://raw.githubusercontent.com/Dawsey21/Lists/master/main-blacklist.txt
https://raw.githubusercontent.com/HenningVanRaumle/pihole-ytadblock/master/ytadblock.txt
https://raw.githubusercontent.com/MajkiIT/polish-ads-filter/master/polish-adblock-filters/adblock.txt
https://raw.githubusercontent.com/Rpsl/adblock-leadgenerator-list/master/list/list.txt
https://raw.githubusercontent.com/StevenBlack/hosts/master/alternates/fakenews/hosts
https://raw.githubusercontent.com/StevenBlack/hosts/master/alternates/gambling/hosts
https://raw.githubusercontent.com/StevenBlack/hosts/master/alternates/porn/hosts
https://raw.githubusercontent.com/StevenBlack/hosts/master/data/StevenBlack/hosts
https://raw.githubusercontent.com/StevenBlack/hosts/master/data/UncheckyAds/hosts
https://raw.githubusercontent.com/StevenBlack/hosts/master/data/add.2o7Net/hosts
https://raw.githubusercontent.com/StevenBlack/hosts/master/data/add.Risk/hosts
https://raw.githubusercontent.com/StevenBlack/hosts/master/hosts
https://raw.githubusercontent.com/TakoYachty/Gift-Card-Killer/master/giftcardkiller.txt
https://raw.githubusercontent.com/Yhonay/antipopads/master/popads.txt
https://raw.githubusercontent.com/adblockpolska/Adblock_PL_List/master/adblock_polska.txt
https://raw.githubusercontent.com/anudeepND/youtubeadsblacklist/master/domainlist.txt
https://raw.githubusercontent.com/azet12/PopupBlocker/master/PPB.txt
https://raw.githubusercontent.com/betterwebleon/slovenian-list/master/filters.txt
https://raw.githubusercontent.com/bkrcrc/turk-adlist/master/hosts
https://raw.githubusercontent.com/chadmayfield/my-pihole-blocklists/master/lists/pi_blocklist_porn_all.list
https://raw.githubusercontent.com/chadmayfield/my-pihole-blocklists/master/lists/pi_blocklist_porn_top1m.list
https://raw.githubusercontent.com/cpeterso/clickbait-blocklist/master/clickbait-blocklist.txt
https://raw.githubusercontent.com/crazy-max/WindowsSpyBlocker/master/data/hosts/win7/spy.txt
https://raw.githubusercontent.com/crazy-max/WindowsSpyBlocker/master/data/hosts/win81/spy.txt
https://raw.githubusercontent.com/deathbybandaid/Universite-Toulouse-Hosts/master/downloaded/adult.txt
https://raw.githubusercontent.com/easylist-thailand/easylist-thailand/master/subscription/easylist-thailand.txt
https://raw.githubusercontent.com/farrokhi/adblock-iran/master/filter.txt
https://raw.githubusercontent.com/genediazjr/nopelist/master/nopelist.txt
https://raw.githubusercontent.com/gfmaster/adblock-korea-contrib/master/filter.txt
https://raw.githubusercontent.com/gioxx/xfiles/master/filtri.txt
https://raw.githubusercontent.com/hant05080/uBlock-filters/master/filters.txt
https://raw.githubusercontent.com/heradhis/indonesianadblockrules/master/subscriptions/abpindo.txt
https://raw.githubusercontent.com/ilyakatz/adblock_filters/master/inpage_popups.txt
https://raw.githubusercontent.com/k2jp/abp-japanese-filters/master/abpjf.txt
https://raw.githubusercontent.com/k2jp/abp-japanese-filters/master/abpjf_3rd_party_sns.txt
https://raw.githubusercontent.com/k2jp/abp-japanese-filters/master/abpjf_paranoid.txt
https://raw.githubusercontent.com/kargig/greek-adblockplus-filter/master/void-gr-filters.txt
https://raw.githubusercontent.com/kbinani/adblock-youtube-ads/master/signed.txt
https://raw.githubusercontent.com/liamja/Prebake/master/obtrusive.txt
https://raw.githubusercontent.com/mat1th/Dns-add-block/master/hosts
https://raw.githubusercontent.com/metaphoricgiraffe/tracking-filters/master/trackingfilters.txt
https://raw.githubusercontent.com/michaeltrimm/hosts-blocking/master/_hosts.txt
https://raw.githubusercontent.com/mitchellkrogza/Badd-Boyz-Hosts/master/hosts
https://raw.githubusercontent.com/piwik/referrer-spam-blacklist/master/spammers.txt
https://raw.githubusercontent.com/quidsup/notrack/master/malicious-sites.txt
https://raw.githubusercontent.com/quidsup/notrack/master/trackers.txt
https://raw.githubusercontent.com/r4vi/block-the-eu-cookie-shit-list/master/filterlist.txt
https://raw.githubusercontent.com/reek/anti-adblock-killer/master/anti-adblock-killer-filters.txt
https://raw.githubusercontent.com/szpeter80/hufilter/master/hufilter.txt
https://raw.githubusercontent.com/thoughtconverge/abf/master/abf.txt
https://raw.githubusercontent.com/tomasko126/easylistczechandslovak/master/filters.txt
https://raw.githubusercontent.com/tyzbit/hosts/master/data/tyzbit/hosts
https://raw.githubusercontent.com/uBlock-user/uBO-Personal-Filters/master/uPF.txt
https://raw.githubusercontent.com/uBlockOrigin/uAssets/master/filters/filters.txt
https://raw.githubusercontent.com/uBlockOrigin/uAssets/master/filters/privacy.txt
https://raw.githubusercontent.com/uBlockOrigin/uAssets/master/filters/unbreak.txt
https://raw.githubusercontent.com/wiltteri/subscriptions/master/wiltteri.txt
https://raw.githubusercontent.com/yous/YousList/master/youslist.txt
https://raw.githubusercontent.com/zpacman/Blockzilla/master/Blockzilla.txt
https://road.adblock.ro/lista.txt
https://s3.amazonaws.com/lists.disconnect.me/simple_ad.txt
https://s3.amazonaws.com/lists.disconnect.me/simple_malware.txt
https://satterly.neocities.org/abp_filters.txt
https://secure.dshield.org/feeds/suspiciousdomains_High.txt
https://secure.dshield.org/feeds/suspiciousdomains_Low.txt
https://secure.dshield.org/feeds/suspiciousdomains_Medium.txt
https://stanev.org/abp/adblock_bg.txt
https://v.firebog.net/hosts/Prigent-Ads.txt
https://v.firebog.net/hosts/Prigent-Malware.txt
https://v.firebog.net/hosts/Prigent-Phishing.txt
https://v.firebog.net/hosts/Shalla-mal.txt
https://v.firebog.net/hosts/static/SamsungSmart.txt
https://web.archive.org/web/20130615155938/http://adblock-korea.googlecode.com/git/adblock-korea.txt
https://web.archive.org/web/20160221135532/http://www.antipubfirefox.org/antipub/antipubfirefox-adblocklist-current-expanded.txt
https://web.archive.org/web/20160221135711/http://adblock.gjtech.net/?format=unix-hosts
https://zeustracker.abuse.ch/blocklist.php?download=baddomains
https://zeustracker.abuse.ch/blocklist.php?download=domainblocklist
